127.0.0.1 - - [20/Aug/2019:09:33:02 +0530] "GET / HTTP/1.1" 404 994
0:0:0:0:0:0:0:1 - - [20/Aug/2019:09:33:03 +0530] "GET /LibraryProject/ HTTP/1.1" 404 1024
127.0.0.1 - - [20/Aug/2019:09:33:57 +0530] "GET / HTTP/1.1" 404 994
0:0:0:0:0:0:0:1 - - [20/Aug/2019:09:33:58 +0530] "GET /LibraryProject/ HTTP/1.1" 200 732
0:0:0:0:0:0:0:1 - - [20/Aug/2019:09:39:30 +0530] "GET /LibraryProject/SearchPrint?searchtype=id&searchvalue=1 HTTP/1.1" 404 1046
127.0.0.1 - - [20/Aug/2019:10:12:24 +0530] "GET / HTTP/1.1" 404 994
0:0:0:0:0:0:0:1 - - [20/Aug/2019:10:12:25 +0530] "GET /CookieDemo/ HTTP/1.1" 200 178
0:0:0:0:0:0:0:1 - - [20/Aug/2019:10:12:27 +0530] "GET /CookieDemo/AddCookieServlet HTTP/1.1" 200 92
0:0:0:0:0:0:0:1 - - [20/Aug/2019:10:12:28 +0530] "GET /CookieDemo/ShowCookieServlet HTTP/1.1" 200 76
127.0.0.1 - - [20/Aug/2019:10:31:46 +0530] "GET / HTTP/1.1" 404 994
0:0:0:0:0:0:0:1 - - [20/Aug/2019:10:31:51 +0530] "GET /CookieDemo/ HTTP/1.1" 304 -
0:0:0:0:0:0:0:1 - - [20/Aug/2019:10:31:52 +0530] "GET /CookieDemo/ HTTP/1.1" 304 -
127.0.0.1 - - [20/Aug/2019:10:32:24 +0530] "GET / HTTP/1.1" 404 994
0:0:0:0:0:0:0:1 - - [20/Aug/2019:10:32:28 +0530] "GET /CookieDemo/ HTTP/1.1" 200 412
0:0:0:0:0:0:0:1 - - [20/Aug/2019:10:32:38 +0530] "GET /CookieDemo/LoginServlet?userName=anisha&passWord=anisha HTTP/1.1" 200 22
127.0.0.1 - - [20/Aug/2019:10:59:13 +0530] "GET / HTTP/1.1" 404 994
0:0:0:0:0:0:0:1 - - [20/Aug/2019:10:59:24 +0530] "GET /CookieDemo/LoginServlet?userName=Anubhav&passWord=Anand HTTP/1.1" 200 22
127.0.0.1 - - [20/Aug/2019:11:23:30 +0530] "GET / HTTP/1.1" 404 994
0:0:0:0:0:0:0:1 - - [20/Aug/2019:11:23:34 +0530] "GET /CookieDemo/ HTTP/1.1" 200 204
0:0:0:0:0:0:0:1 - - [20/Aug/2019:11:23:35 +0530] "GET /CookieDemo/ShowEnvservlet HTTP/1.1" 200 41
127.0.0.1 - - [20/Aug/2019:11:25:16 +0530] "GET / HTTP/1.1" 404 994
0:0:0:0:0:0:0:1 - - [20/Aug/2019:11:25:19 +0530] "GET /CookieDemo/ShowEnvservlet HTTP/1.1" 200 41
0:0:0:0:0:0:0:1 - - [20/Aug/2019:11:25:23 +0530] "GET /CookieDemo/ShowEnvservlet HTTP/1.1" 200 41
0:0:0:0:0:0:0:1 - - [20/Aug/2019:11:25:24 +0530] "GET /CookieDemo/ShowEnvservlet HTTP/1.1" 200 41
0:0:0:0:0:0:0:1 - - [20/Aug/2019:11:25:24 +0530] "GET /CookieDemo/ShowEnvservlet HTTP/1.1" 200 41
0:0:0:0:0:0:0:1 - - [20/Aug/2019:11:25:27 +0530] "GET /CookieDemo/ HTTP/1.1" 304 -
0:0:0:0:0:0:0:1 - - [20/Aug/2019:11:25:27 +0530] "GET /CookieDemo/ShowEnvservlet HTTP/1.1" 200 41
127.0.0.1 - - [20/Aug/2019:11:28:53 +0530] "GET / HTTP/1.1" 404 994
0:0:0:0:0:0:0:1 - - [20/Aug/2019:11:28:56 +0530] "GET /CookieDemo/ShowEnvservlet HTTP/1.1" 200 113
127.0.0.1 - - [20/Aug/2019:11:39:01 +0530] "GET / HTTP/1.1" 404 994
0:0:0:0:0:0:0:1 - - [20/Aug/2019:11:39:05 +0530] "GET /CookieDemo/ HTTP/1.1" 304 -
0:0:0:0:0:0:0:1 - - [20/Aug/2019:11:39:06 +0530] "GET /CookieDemo/ShowEnvservlet HTTP/1.1" 500 3597
0:0:0:0:0:0:0:1 - - [20/Aug/2019:11:40:51 +0530] "GET /CookieDemo/ HTTP/1.1" 200 204
0:0:0:0:0:0:0:1 - - [20/Aug/2019:11:40:52 +0530] "GET /CookieDemo/ShowEnvServlet HTTP/1.1" 200 218
192.168.1.115 - - [20/Aug/2019:11:41:41 +0530] "GET /CookieDemo?env.html HTTP/1.1" 302 -
192.168.1.115 - - [20/Aug/2019:11:41:41 +0530] "GET /CookieDemo/?env.html HTTP/1.1" 200 204
192.168.1.115 - - [20/Aug/2019:11:41:41 +0530] "GET /favicon.ico HTTP/1.1" 404 1016
192.168.1.115 - - [20/Aug/2019:11:41:42 +0530] "GET /CookieDemo/ShowEnvServlet HTTP/1.1" 200 216
127.0.0.1 - - [20/Aug/2019:11:43:45 +0530] "GET / HTTP/1.1" 404 994
0:0:0:0:0:0:0:1 - - [20/Aug/2019:11:43:47 +0530] "GET /CookieDemo/ShowEnvServlet HTTP/1.1" 200 218
192.168.1.115 - - [20/Aug/2019:11:44:46 +0530] "GET /CookieDemo/ShowEnvServlet HTTP/1.1" 200 216
192.168.1.115 - - [20/Aug/2019:11:44:49 +0530] "GET /CookieDemo/ShowEnvServlet HTTP/1.1" 200 216
127.0.0.1 - - [20/Aug/2019:12:14:45 +0530] "GET / HTTP/1.1" 404 994
0:0:0:0:0:0:0:1 - - [20/Aug/2019:12:14:49 +0530] "GET /CookieDemo/ HTTP/1.1" 200 1245
0:0:0:0:0:0:0:1 - - [20/Aug/2019:12:15:14 +0530] "GET /CookieDemo/InfoServlet?id=1&EmployeeName=anisha&hobbies=Playing+Indoor+Games&hobbies=Singing&hobbies=Dancing&gender=female&city=coimbatore&state=TN&country=INDIA HTTP/1.1" 200 277
0:0:0:0:0:0:0:1 - - [20/Aug/2019:12:16:11 +0530] "GET /CookieDemo/InfoServlet?id=1&EmployeeName=anisha&hobbies=Playing+Indoor+Games&hobbies=Singing&hobbies=Dancing&gender=female&city=coimbatore&state=TN&country=INDIA HTTP/1.1" 200 277
0:0:0:0:0:0:0:1 - - [20/Aug/2019:12:16:17 +0530] "GET /CookieDemo/InfoServlet?id=1&EmployeeName=anisha&hobbies=Playing+Indoor+Games&hobbies=Singing&hobbies=Dancing&gender=female&city=coimbatore&state=TN&country=INDIA HTTP/1.1" 200 277
0:0:0:0:0:0:0:1 - - [20/Aug/2019:12:16:17 +0530] "GET /favicon.ico HTTP/1.1" 404 1016
0:0:0:0:0:0:0:1 - - [20/Aug/2019:12:16:29 +0530] "GET /favicon.ico HTTP/1.1" 404 1016
0:0:0:0:0:0:0:1 - - [20/Aug/2019:12:18:08 +0530] "GET /CookieDemo/InfoServlet?id=1&EmployeeName=anisha&hobbies=Playing+Indoor+Games&hobbies=Singing&hobbies=Dancing&gender=female&city=xvbf&state=fhn&country=sxhn HTTP/1.1" 200 271
127.0.0.1 - - [20/Aug/2019:12:19:51 +0530] "GET / HTTP/1.1" 404 994
0:0:0:0:0:0:0:1 - - [20/Aug/2019:12:20:04 +0530] "GET /CookieDemo/InfoServlet?id=1&EmployeeName=ccd&hobbies=Singing&hobbies=Dancing&gender=female&city=av&state=dv&country=vvb HTTP/1.1" 200 193
127.0.0.1 - - [20/Aug/2019:12:24:13 +0530] "GET / HTTP/1.1" 404 994
0:0:0:0:0:0:0:1 - - [20/Aug/2019:12:24:19 +0530] "GET /LibraryProject/SearchPrint?searchtype=id&searchvalue=1 HTTP/1.1" 500 1963
0:0:0:0:0:0:0:1 - - [20/Aug/2019:12:24:24 +0530] "GET /LibraryProject/ HTTP/1.1" 200 655
0:0:0:0:0:0:0:1 - - [20/Aug/2019:12:24:28 +0530] "GET /LibraryProject/Account%20Details HTTP/1.1" 404 1058
0:0:0:0:0:0:0:1 - - [20/Aug/2019:12:24:31 +0530] "GET /LibraryProject/SearchIssue HTTP/1.1" 404 1046
127.0.0.1 - - [20/Aug/2019:12:26:05 +0530] "GET / HTTP/1.1" 404 994
0:0:0:0:0:0:0:1 - - [20/Aug/2019:12:26:11 +0530] "GET /LibraryProject/ HTTP/1.1" 200 444
0:0:0:0:0:0:0:1 - - [20/Aug/2019:12:26:27 +0530] "POST /LibraryProject/LogServlet HTTP/1.1" 200 89
0:0:0:0:0:0:0:1 - - [20/Aug/2019:12:28:33 +0530] "POST /LibraryProject/LogServlet HTTP/1.1" 200 89
0:0:0:0:0:0:0:1 - - [20/Aug/2019:12:28:44 +0530] "GET /LibraryProject/SearchIssue HTTP/1.1" 404 1046
0:0:0:0:0:0:0:1 - - [20/Aug/2019:12:30:06 +0530] "POST /LibraryProject/LogServlet HTTP/1.1" 200 89
127.0.0.1 - - [20/Aug/2019:12:32:30 +0530] "GET / HTTP/1.1" 404 994
0:0:0:0:0:0:0:1 - - [20/Aug/2019:12:32:48 +0530] "POST /LibraryProject/LogServlet HTTP/1.1" 200 532
127.0.0.1 - - [20/Aug/2019:12:53:34 +0530] "GET / HTTP/1.1" 404 994
0:0:0:0:0:0:0:1 - - [20/Aug/2019:12:53:34 +0530] "GET /CookieDemo/Order.html HTTP/1.1" 200 433
0:0:0:0:0:0:0:1 - - [20/Aug/2019:12:53:53 +0530] "GET /CookieDemo/OrderServlet?ID=1&Name=cbv&Quantity=db&UOM=56 HTTP/1.1" 200 244
0:0:0:0:0:0:0:1 - - [20/Aug/2019:12:54:14 +0530] "GET /CookieDemo/OrderServlet?ID=2&Name=hngh&Quantity=dhnj&UOM=634 HTTP/1.1" 200 240
127.0.0.1 - - [20/Aug/2019:12:56:17 +0530] "GET / HTTP/1.1" 404 994
0:0:0:0:0:0:0:1 - - [20/Aug/2019:12:56:31 +0530] "GET /CookieDemo/OrderServlet?ID=1&Name=dvg&Quantity=5463&UOM=364 HTTP/1.1" 200 145
0:0:0:0:0:0:0:1 - - [20/Aug/2019:12:56:43 +0530] "GET /CookieDemo/OrderServlet?ID=53&Name=cx&Quantity=5326&UOM=365 HTTP/1.1" 200 242
127.0.0.1 - - [20/Aug/2019:12:58:35 +0530] "GET / HTTP/1.1" 404 994
0:0:0:0:0:0:0:1 - - [20/Aug/2019:12:58:51 +0530] "GET /CookieDemo/OrderServlet?ID=155&Name=czcv&Quantity=59&UOM=15252 HTTP/1.1" 200 147
0:0:0:0:0:0:0:1 - - [20/Aug/2019:12:59:04 +0530] "GET /CookieDemo/OrderServlet?ID=2&Name=cxd&Quantity=2556&UOM=323223 HTTP/1.1" 200 246
127.0.0.1 - - [20/Aug/2019:13:01:07 +0530] "GET / HTTP/1.1" 404 994
0:0:0:0:0:0:0:1 - - [20/Aug/2019:13:01:23 +0530] "GET /CookieDemo/OrderServlet?ID=12556&Name=mnnk&Quantity=5454&UOM=54654 HTTP/1.1" 200 152
0:0:0:0:0:0:0:1 - - [20/Aug/2019:13:01:42 +0530] "GET /CookieDemo/OrderServlet?ID=1545&Name=bmnm&Quantity=+13212&UOM=1212 HTTP/1.1" 200 256
